error: it is more concise to loop over references to containers instead of using explicit iteration methods
  --> $DIR/explicit_iter_loop_deref.rs:17:14
   |
LL |     for _ in rmvec.iter() {}
   |              ^^^^^^^^^^^^ help: to write this more concisely, try: `&*rmvec`
   |
note: the lint level is defined here
  --> $DIR/explicit_iter_loop_deref.rs:1:9
   |
LL | #![deny(clippy::explicit_iter_loop_deref)]
   |         ^^^^^^^^^^^^^^^^^^^^^^^^^^^^^^^^

error: it is more concise to loop over references to containers instead of using explicit iteration methods
  --> $DIR/explicit_iter_loop_deref.rs:18:14
   |
LL |     for _ in rmvec.iter_mut() {}
   |              ^^^^^^^^^^^^^^^^ help: to write this more concisely, try: `&mut *rmvec`

error: it is more concise to loop over references to containers instead of using explicit iteration methods
  --> $DIR/explicit_iter_loop_deref.rs:23:14
   |
LL |     for _ in (&mut [1, 2, 3]).iter() {}
   |              ^^^^^^^^^^^^^^^^^^^^^^^ help: to write this more concisely, try: `&*(&mut [1, 2, 3])`

error: the method `iter` doesn't need a mutable reference
  --> $DIR/explicit_iter_loop_deref.rs:23:14
   |
LL |     for _ in (&mut [1, 2, 3]).iter() {}
   |              ^^^^^^^^^^^^^^^^
   |
   = note: `-D clippy::unnecessary-mut-passed` implied by `-D warnings`

error: aborting due to 4 previous errors

